- <_TtGC7SwiftUI13NSHostingViewGVS_15ModifiedContentGS1_GS1_GS1_VS_4TextGVS_30_EnvironmentKeyWritingModifierOS_11ColorScheme__GS3_OS_19ContentSizeCategory__VS_16_FixedSizeLayout_GVS_19_BackgroundModifierVS_5Color___>
